1:50PM INF Received own slave ID. ownSlaveId=1
1:50PM INF OK status=0
1:50PM INF Received command. cmdId=3
1:50PM INF Received an ExecStart command args="[-p experiment-output/0000/slave-__id__/config]" cmd=mkdir outFile=/dev/null
1:50PM INF OK status=0
1:50PM INF Received command. cmdId=4
1:50PM INF Received command. cmdType=ExecWait
1:50PM INF OK status=0
1:50PM INF Received command. cmdId=5
1:50PM INF Received an ExecStart command args="[config/config-0000.yml experiment-output/0000/slave-__id__/config/config.yml]" cmd=cp outFile=/dev/null
1:50PM INF OK status=0
1:50PM INF Received command. cmdId=6
1:50PM INF Received command. cmdType=ExecWait
1:50PM INF OK status=0
1:50PM INF Received command. cmdId=9
1:50PM INF Received command. cmdType=Noop
1:50PM INF Noop. Doing nothing. status=0
1:50PM INF Received command. cmdId=12
1:50PM INF Received an ExecStart command args="[experiment-output/0000/slave-__id__/config/config.yml 127.0.0.1:9999 127.0.0.1 127.0.0.1 experiment-output/0000/slave-__id__/peer.trc experiment-output/0000/slave-__id__/prof]" cmd=orderingpeer outFile=experiment-output/0000/slave-__id__/peer.log
1:50PM INF OK status=0
1:51PM INF Received command. cmdId=18
1:51PM INF Received command. cmdType=ExecSignal
1:51PM INF OK status=0
1:51PM INF Received command. cmdId=23
1:51PM INF Received an ExecStart command args="[-p experiment-output/0001/slave-__id__/config]" cmd=mkdir outFile=/dev/null
1:51PM INF OK status=0
1:51PM INF Received command. cmdId=24
1:51PM INF Received command. cmdType=ExecWait
1:51PM INF OK status=0
1:51PM INF Received command. cmdId=25
1:51PM INF Received an ExecStart command args="[config/config-0001.yml experiment-output/0001/slave-__id__/config/config.yml]" cmd=cp outFile=/dev/null
1:51PM INF OK status=0
1:51PM INF Received command. cmdId=26
1:51PM INF Received command. cmdType=ExecWait
1:51PM INF OK status=0
1:51PM INF Received command. cmdId=29
1:51PM INF Received command. cmdType=Noop
1:51PM INF Noop. Doing nothing. status=0
1:51PM INF Received command. cmdId=32
1:51PM INF Received an ExecStart command args="[experiment-output/0001/slave-__id__/config/config.yml 127.0.0.1:9999 127.0.0.1 127.0.0.1 experiment-output/0001/slave-__id__/peer.trc experiment-output/0001/slave-__id__/prof]" cmd=orderingpeer outFile=experiment-output/0001/slave-__id__/peer.log
1:51PM INF OK status=0
1:52PM INF Received command. cmdId=38
1:52PM INF Received command. cmdType=ExecSignal
1:52PM INF OK status=0
1:52PM INF Received command. cmdId=43
1:52PM INF Received an ExecStart command args="[-p experiment-output/0002/slave-__id__/config]" cmd=mkdir outFile=/dev/null
1:52PM INF OK status=0
1:52PM INF Received command. cmdId=44
1:52PM INF Received command. cmdType=ExecWait
1:52PM INF OK status=0
1:52PM INF Received command. cmdId=45
1:52PM INF Received an ExecStart command args="[config/config-0002.yml experiment-output/0002/slave-__id__/config/config.yml]" cmd=cp outFile=/dev/null
1:52PM INF OK status=0
1:52PM INF Received command. cmdId=46
1:52PM INF Received command. cmdType=ExecWait
1:52PM INF OK status=0
1:52PM INF Received command. cmdId=49
1:52PM INF Received command. cmdType=Noop
1:52PM INF Noop. Doing nothing. status=0
1:52PM INF Received command. cmdId=52
1:52PM INF Received an ExecStart command args="[experiment-output/0002/slave-__id__/config/config.yml 127.0.0.1:9999 127.0.0.1 127.0.0.1 experiment-output/0002/slave-__id__/peer.trc experiment-output/0002/slave-__id__/prof]" cmd=orderingpeer outFile=experiment-output/0002/slave-__id__/peer.log
1:52PM INF OK status=0
1:52PM INF Received command. cmdId=58
1:52PM INF Received command. cmdType=ExecSignal
1:52PM INF OK status=0
1:52PM INF Received command. cmdId=63
1:52PM INF Received an ExecStart command args="[-p experiment-output/0003/slave-__id__/config]" cmd=mkdir outFile=/dev/null
1:52PM INF OK status=0
1:52PM INF Received command. cmdId=64
1:52PM INF Received command. cmdType=ExecWait
1:52PM INF OK status=0
1:52PM INF Received command. cmdId=65
1:52PM INF Received an ExecStart command args="[config/config-0003.yml experiment-output/0003/slave-__id__/config/config.yml]" cmd=cp outFile=/dev/null
1:52PM INF OK status=0
1:52PM INF Received command. cmdId=66
1:52PM INF Received command. cmdType=ExecWait
1:52PM INF OK status=0
1:52PM INF Received command. cmdId=69
1:52PM INF Received command. cmdType=Noop
1:52PM INF Noop. Doing nothing. status=0
1:52PM INF Received command. cmdId=72
1:52PM INF Received an ExecStart command args="[experiment-output/0003/slave-__id__/config/config.yml 127.0.0.1:9999 127.0.0.1 127.0.0.1 experiment-output/0003/slave-__id__/peer.trc experiment-output/0003/slave-__id__/prof]" cmd=orderingpeer outFile=experiment-output/0003/slave-__id__/peer.log
1:52PM INF OK status=0
1:53PM INF Received command. cmdId=78
1:53PM INF Received command. cmdType=ExecSignal
1:53PM INF OK status=0
1:53PM INF Received command. cmdId=83
1:53PM INF Received command. cmdType=Stop
