7:14PM INF Received own slave ID. ownSlaveId=0
7:14PM INF OK status=0
7:14PM INF Received command. cmdId=3
7:14PM INF Received an ExecStart command args="[-p experiment-output/0000/slave-__id__/config]" cmd=mkdir outFile=/dev/null
7:14PM INF OK status=0
7:14PM INF Received command. cmdId=4
7:14PM INF Received command. cmdType=ExecWait
7:14PM INF OK status=0
7:14PM INF Received command. cmdId=7
7:14PM INF Received an ExecStart command args="[config/config-0000.yml experiment-output/0000/slave-__id__/config/config.yml]" cmd=cp outFile=/dev/null
7:14PM INF OK status=0
7:14PM INF Received command. cmdId=8
7:14PM INF Received command. cmdType=ExecWait
7:14PM INF OK status=0
7:14PM INF Received command. cmdId=10
7:14PM INF Received command. cmdType=Noop
7:14PM INF Noop. Doing nothing. status=077:14PM INF Received command. cmdId=15
7:14PM INF Received an ExecStart command args="[experiment-output/0000/slave-__id__/config/config.yml 127.0.0.1:9999 experiment-output/0000/slave-__id__/client experiment-output/0000/slave-__id__/prof-client]" cmd=orderingclient outFile=experiment-output/0000/slave-__id__/clients.log
7:14PM INF OK status=0
7:14PM IN7:14PM INF Received command. cmdId=18
7:14PM INF Received command. cmdType=ExecSignal
7:14PM INF OK status=0
7:14PM INF Received command. cmdId=23
7:14PM INF Received an ExecStart command args="[-p experiment-output/0001/slave-__id__/config]" cmd=mkdir outF7:14PM INF Rec7:14PM INF OK status=0
7:14PM INF Received command. cmdId=24
7:14PM INF Received command. cmdType=ExecWait
7:14PM INF OK status=0
7:14PM INF Received command. cmdId=25
7:14PM INF Received an ExecStart command args="[config/config-0001.yml e7:14PM INF Received command. cmdId=27
7:14PM INF Received an ExecStart command args="[config/config-0001.yml experiment-output/0001/slave-__id__/config/config.yml]" cmd=cp outFile=/dev/null
7:14PM INF OK status7:14PM INF Received command. cmdId=29
7:14PM INF Received command. cmdType=Noop
7:14PM INF Noop. Doing nothing7:14PM INF 7:14PM INF Received command. cmdId=32
7:14PM INF Received an ExecStart command args="[experiment-output/0001/s7:15PM INF Received command. cmdId=35
7:15PM INF Received an ExecStart command args="[experiment-output/0001/slave-__id__/config/config.yml 127.0.0.1:9999 experiment-output/0001/slave-__id__/client experiment-output/0001/slave-__id__/prof-client]7:15PM INF Received command. cmdId=38
7:15PM INF Received command. cmdType=ExecSignal
7:15PM INF OK status=0
7:15PM INF Received command. cmdId=43
7:15PM INF Received an ExecStart command args="[-p experiment-output/0002/slave-__id__/config]" cmd=mkdir outFile=/dev/null
7:15PM INF OK status=0
7:15PM INF Received command. cmdId=44
7:15PM INF Received command. cmdType=ExecWait
7:15PM INF OK status=0
7:15PM INF Received command. cmdId=45
7:15PM INF Received an ExecStart command args="[config/config-0002.yml experiment-output/0002/slave-__id__/config/config.yml]" cmd=cp outFile=/dev/null
7:15PM INF OK status=0
7:15PM7:15PM INF Received command. cmdId=47
7:15PM INF Received an ExecStart command args="[config/config-07:15PM INF Received command. cmdId=49
7:15PM INF Received command. cmdType=Noop
7:15PM INF Noop. Doing nothing. status=0
7:15PM INF Received command. cmdId=52
7:15PM INF Received an ExecStart command args="[experiment-output/0002/slave-__id__/config/config.yml 127.0.0.1:9999 127.0.0.1 127.0.0.1 experiment-output/0002/slave-__id__/peer.trc7:15PM INF Received command. cmdId=55
7:15PM INF Received an ExecStart command args="[experiment-output/0002/slave-__id__/config/config.y7:16PM INF Received command. cmdId=58
7:16PM INF Received command. cmdType=ExecSignal
7:16PM INF OK status=0
7:16PM INF Received command. cmdId=63
7:16PM INF Received an ExecStart command args="[-p experiment-output/0003/slave-__id__/config]" cmd=mkdir outFile=/dev/null
7:16PM INF OK status=0
7:16PM INF Received command. cmdId=64
7:16PM INF Received command. cmdType=ExecWait
7:16PM INF OK status=0
7:16PM INF Received command. cmdId=65
7:16PM INF Received an ExecStart command args="[config/config-0003.yml experiment-output/0003/slave-__id__/config/config.yml]" cmd=cp outFile=/dev/null
7:16PM INF OK status=0
7:16PM INF Received command. cmdId=66
7:16PM INF Received command. cmdType=ExecWait
7:16PM INF OK status=0
7:16PM INF Received command. cmdId=69
7:16PM INF Received command. cmdType=Noop
7:16PM INF Noop. Doing nothing. status=0
7:16PM INF Received command. cmdId=72
7:16PM INF Received an ExecStart command args="[experiment-output/0003/slave-__id__/config/config.yml 127.0.0.1:9999 127.0.0.1 127.0.0.1 experiment-output/0003/slave-__id__/peer.trc experiment-output/0003/slave-__id__/prof]" cmd=orderingpeer outFile=experiment-output/0003/slave-__id__/peer7:16PM INF Received command.7:16PM INF Received command. cmdId=78
7:16PM INF Received command. cmdType=ExecSignal
7:16PM INF OK status=0
7:17PM INF Received command. cmdId=83
7:17PM INF Received command. cmdType=Stop
003/slave-__id__/prof-client]" cmd=orderingclient outFile=experiment-output/0003/slave-__id__/clients.log
7:16PM INF OK status=0
7:16PM INF Received command. cmdId=76
7:16PM INF Received command. cmdType=ExecWait
7:16PM INF OK status=0
7:16PM INF Received command. cmdId=77
7:16PM INF Received command. cmdType=Noop
7:16PM INF Noop. Doing nothing. status=0
7:17PM INF Received command. cmdId=83
7:17PM INF Received command. cmdType=Stop
