9:22PM INF Received own slave ID. ownSlaveId=3
9:22PM INF OK status=0
9:22PM INF Received command. cmdId=3
9:22PM INF Received an ExecStart command args="[-p experiment-output/0000/slave-__id__/config]" cmd=mkdir outFile=/dev/null
9:22PM INF OK status=0
9:22PM INF Received command. cmdId=4
9:22PM INF Received command. cmdType=ExecWait
9:22PM INF OK status=0
9:22PM INF Received command. cmdId=5
9:22PM INF Received an ExecStart command args="[config/config-0000.yml experiment-output/0000/slave-__id__/config/config.yml]" cmd=cp outFile=/dev/null
9:22PM INF OK status=0
9:22PM INF Received command. cmdId=6
9:22PM INF Received command. cmdType=ExecWait
9:22PM INF OK status=0
9:22PM INF Received command. cmdId=9
9:22PM INF Received command. cmdType=Noop
9:22PM INF Noop. Doing nothing. status=0
9:22PM INF Received command. cmdId=12
9:22PM INF Received an ExecStart command args="[experiment-output/0000/slave-__id__/config/config.yml 127.0.0.1:9999 127.0.0.1 127.0.0.1 experiment-output/0000/slave-__id__/peer.trc experiment-output/0000/slave-__id__/prof]" cmd=orderingpeer outFile=experiment-output/0000/slave-__id__/peer.log
9:22PM INF OK status=0
9:23PM INF Received command. cmdId=18
9:23PM INF Received command. cmdType=ExecSignal
9:23PM INF OK status=0
9:23PM INF Received command. cmdId=23
9:23PM INF Received an ExecStart command args="[-p experiment-output/0001/slave-__id__/config]" cmd=mkdir outFile=/dev/null
9:23PM INF OK status=0
9:23PM INF Received command. cmdId=24
9:23PM INF Received command. cmdType=ExecWait
9:23PM INF OK status=0
9:23PM INF Received command. cmdId=25
9:23PM INF Received an ExecStart command args="[config/config-0001.yml experiment-output/0001/slave-__id__/config/config.yml]" cmd=cp outFile=/dev/null
9:23PM INF OK status=0
9:23PM INF Received command. cmdId=26
9:23PM INF Received command. cmdType=ExecWait
9:23PM INF OK status=0
9:23PM INF Received command. cmdId=29
9:23PM INF Received command. cmdType=Noop
9:23PM INF Noop. Doing nothing. status=0
9:23PM INF Received command. cmdId=32
9:23PM INF Received an ExecStart command args="[experiment-output/0001/slave-__id__/config/config.yml 127.0.0.1:9999 127.0.0.1 127.0.0.1 experiment-output/0001/slave-__id__/peer.trc experiment-output/0001/slave-__id__/prof]" cmd=orderingpeer outFile=experiment-output/0001/slave-__id__/peer.log
9:23PM INF OK status=0
9:23PM INF Received command. cmdId=38
9:23PM INF Received command. cmdType=ExecSignal
9:23PM INF OK status=0
9:23PM INF Received command. cmdId=43
9:23PM INF Received an ExecStart command args="[-p experiment-output/0002/slave-__id__/config]" cmd=mkdir outFile=/dev/null
9:23PM INF OK status=0
9:23PM INF Received command. cmdId=44
9:23PM INF Received command. cmdType=ExecWait
9:23PM INF OK status=0
9:23PM INF Received command. cmdId=45
9:23PM INF Received an ExecStart command args="[config/config-0002.yml experiment-output/0002/slave-__id__/config/config.yml]" cmd=cp outFile=/dev/null
9:23PM INF OK status=0
9:23PM INF Received command. cmdId=46
9:23PM INF Received command. cmdType=ExecWait
9:23PM INF OK status=0
9:23PM INF Received command. cmdId=49
9:23PM INF Received command. cmdType=Noop
9:23PM INF Noop. Doing nothing. status=0
9:23PM INF Received command. cmdId=52
9:23PM INF Received an ExecStart command args="[experiment-output/0002/slave-__id__/config/config.yml 127.0.0.1:9999 127.0.0.1 127.0.0.1 experiment-output/0002/slave-__id__/peer.trc experiment-output/0002/slave-__id__/prof]" cmd=orderingpeer outFile=experiment-output/0002/slave-__id__/peer.log
9:23PM INF OK status=0
9:24PM INF Received command. cmdId=58
9:24PM INF Received command. cmdType=ExecSignal
9:24PM INF OK status=0
9:24PM INF Received command. cmdId=63
9:24PM INF Received an ExecStart command args="[-p experiment-output/0003/slave-__id__/config]" cmd=mkdir outFile=/dev/null
9:24PM INF OK status=0
9:24PM INF Received command. cmdId=64
9:24PM INF Received command. cmdType=ExecWait
9:24PM INF OK status=0
9:24PM INF Received command. cmdId=65
9:24PM INF Received an ExecStart command args="[config/config-0003.yml experiment-output/0003/slave-__id__/config/config.yml]" cmd=cp outFile=/dev/null
9:24PM INF OK status=0
9:24PM INF Received command. cmdId=66
9:24PM INF Received command. cmdType=ExecWait
9:24PM INF OK status=0
9:24PM INF Received command. cmdId=69
9:24PM INF Received command. cmdType=Noop
9:24PM INF Noop. Doing nothing. status=0
9:24PM INF Received command. cmdId=72
9:24PM INF Received an ExecStart command args="[experiment-output/0003/slave-__id__/config/config.yml 127.0.0.1:9999 127.0.0.1 127.0.0.1 experiment-output/0003/slave-__id__/peer.trc experiment-output/0003/slave-__id__/prof]" cmd=orderingpeer outFile=experiment-output/0003/slave-__id__/peer.log
9:24PM INF OK status=0
9:25PM INF Received command. cmdId=78
9:25PM INF Received command. cmdType=ExecSignal
9:25PM INF OK status=0
9:25PM INF Received command. cmdId=83
9:25PM INF Received command. cmdType=Stop
