8:01PM INF Received own slave ID. ownSlaveId=1
8:01PM INF OK status=0
8:01PM INF Received command. cmdId=3
8:01PM INF Received an ExecStart command args="[-p experiment-output/0000/slave-__id__/config]" cmd=mkdir outFile=/dev/null
8:01PM INF OK status=0
8:01PM INF Received command. cmdId=4
8:01PM INF Received command. cmdType=ExecWait
8:01PM INF OK status=0
8:01PM INF Received command. cmdId=5
8:01PM INF Received an ExecStart command args="[config/config-0000.yml experiment-output/0000/slave-__id__/config/config.yml]" cmd=cp outFile=/dev/null
8:01PM INF OK status=0
8:01PM INF Received command. cmdId=6
8:01PM INF Received command. cmdType=ExecWait
8:01PM INF OK status=0
8:01PM INF Received command. cmdId=9
8:01PM INF Received command. cmdType=Noop
8:01PM INF Noop. Doing nothing. status=0
8:01PM INF Received command. cmdId=12
8:01PM INF Received an ExecStart command args="[experiment-output/0000/slave-__id__/config/config.yml 127.0.0.1:9999 127.0.0.1 127.0.0.1 experiment-output/0000/slave-__id__/peer.trc experiment-output/0000/slave-__id__/prof]" cmd=orderingpeer outFile=experiment-output/0000/slave-__id__/peer.log
8:01PM INF OK status=0
8:02PM INF Received command. cmdId=18
8:02PM INF Received command. cmdType=ExecSignal
8:02PM INF OK status=0
8:02PM INF Received command. cmdId=23
8:02PM INF Received an ExecStart command args="[-p experiment-output/0001/slave-__id__/config]" cmd=mkdir outFile=/dev/null
8:02PM INF OK status=0
8:02PM INF Received command. cmdId=24
8:02PM INF Received command. cmdType=ExecWait
8:02PM INF OK status=0
8:02PM INF Received command. cmdId=25
8:02PM INF Received an ExecStart command args="[config/config-0001.yml experiment-output/0001/slave-__id__/config/config.yml]" cmd=cp outFile=/dev/null
8:02PM INF OK status=0
8:02PM INF Received command. cmdId=26
8:02PM INF Received command. cmdType=ExecWait
8:02PM INF OK status=0
8:02PM INF Received command. cmdId=29
8:02PM INF Received command. cmdType=Noop
8:02PM INF Noop. Doing nothing. status=0
8:02PM INF Received command. cmdId=32
8:02PM INF Received an ExecStart command args="[experiment-output/0001/slave-__id__/config/config.yml 127.0.0.1:9999 127.0.0.1 127.0.0.1 experiment-output/0001/slave-__id__/peer.trc experiment-output/0001/slave-__id__/prof]" cmd=orderingpeer outFile=experiment-output/0001/slave-__id__/peer.log
8:02PM INF OK status=0
8:02PM INF Received command. cmdId=38
8:02PM INF Received command. cmdType=ExecSignal
8:02PM INF OK status=0
8:02PM INF Received command. cmdId=43
8:02PM INF Received an ExecStart command args="[-p experiment-output/0002/slave-__id__/config]" cmd=mkdir outFile=/dev/null
8:02PM INF OK status=0
8:02PM INF Received command. cmdId=44
8:02PM INF Received command. cmdType=ExecWait
8:02PM INF OK status=0
8:02PM INF Received command. cmdId=45
8:02PM INF Received an ExecStart command args="[config/config-0002.yml experiment-output/0002/slave-__id__/config/config.yml]" cmd=cp outFile=/dev/null
8:02PM INF OK status=0
8:02PM INF Received command. cmdId=46
8:02PM INF Received command. cmdType=ExecWait
8:02PM INF OK status=0
8:02PM INF Received command. cmdId=49
8:02PM INF Received command. cmdType=Noop
8:02PM INF Noop. Doing nothing. status=0
8:02PM INF Received command. cmdId=52
8:02PM INF Received an ExecStart command args="[experiment-output/0002/slave-__id__/config/config.yml 127.0.0.1:9999 127.0.0.1 127.0.0.1 experiment-output/0002/slave-__id__/peer.trc experiment-output/0002/slave-__id__/prof]" cmd=orderingpeer outFile=experiment-output/0002/slave-__id__/peer.log
8:02PM INF OK status=0
8:03PM INF Received command. cmdId=58
8:03PM INF Received command. cmdType=ExecSignal
8:03PM INF OK status=0
8:03PM INF Received command. cmdId=63
8:03PM INF Received an ExecStart command args="[-p experiment-output/0003/slave-__id__/config]" cmd=mkdir outFile=/dev/null
8:03PM INF OK status=0
8:03PM INF Received command. cmdId=64
8:03PM INF Received command. cmdType=ExecWait
8:03PM INF OK status=0
8:03PM INF Received command. cmdId=65
8:03PM INF Received an ExecStart command args="[config/config-0003.yml experiment-output/0003/slave-__id__/config/config.yml]" cmd=cp outFile=/dev/null
8:03PM INF OK status=0
8:03PM INF Received command. cmdId=66
8:03PM INF Received command. cmdType=ExecWait
8:03PM INF OK status=0
8:03PM INF Received command. cmdId=69
8:03PM INF Received command. cmdType=Noop
8:03PM INF Noop. Doing nothing. status=0
8:03PM INF Received command. cmdId=72
8:03PM INF Received an ExecStart command args="[experiment-output/0003/slave-__id__/config/config.yml 127.0.0.1:9999 127.0.0.1 127.0.0.1 experiment-output/0003/slave-__id__/peer.trc experiment-output/0003/slave-__id__/prof]" cmd=orderingpeer outFile=experiment-output/0003/slave-__id__/peer.log
8:03PM INF OK status=0
8:04PM INF Received command. cmdId=78
8:04PM INF Received command. cmdType=ExecSignal
8:04PM INF OK status=0
8:04PM INF Received command. cmdId=83
8:04PM INF Received command. cmdType=Stop
