8:38PM INF Received own slave ID. ownSlaveId=1
8:38PM INF OK status=0
8:38PM INF Received command. cmdId=3
8:38PM INF Received an ExecStart command args="[-p experiment-output/0000/slave-__id__/config]" cmd=mkdir outFile=/dev/null
8:38PM INF OK status=0
8:38PM INF Received command. cmdId=4
8:38PM INF Received command. cmdType=ExecWait
8:38PM INF OK status=0
8:38PM INF Received command. cmdId=5
8:38PM INF Received an ExecStart command args="[config/config-0000.yml experiment-output/0000/slave-__id__/config/config.yml]" cmd=cp outFile=/dev/null
8:38PM INF OK status=0
8:38PM INF Received command. cmdId=6
8:38PM INF Received command. cmdType=ExecWait
8:38PM INF OK status=0
8:38PM INF Received command. cmdId=9
8:38PM INF Received command. cmdType=Noop
8:38PM INF Noop. Doing nothing. status=0
8:38PM INF Received command. cmdId=12
8:38PM INF Received an ExecStart command args="[experiment-output/0000/slave-__id__/config/config.yml 127.0.0.1:9999 127.0.0.1 127.0.0.1 experiment-output/0000/slave-__id__/peer.trc experiment-output/0000/slave-__id__/prof]" cmd=orderingpeer outFile=experiment-output/0000/slave-__id__/peer.log
8:38PM INF OK status=0
8:39PM INF Received command. cmdId=18
8:39PM INF Received command. cmdType=ExecSignal
8:39PM INF OK status=0
8:39PM INF Received command. cmdId=23
8:39PM INF Received an ExecStart command args="[-p experiment-output/0001/slave-__id__/config]" cmd=mkdir outFile=/dev/null
8:39PM INF OK status=0
8:39PM INF Received command. cmdId=24
8:39PM INF Received command. cmdType=ExecWait
8:39PM INF OK status=0
8:39PM INF Received command. cmdId=25
8:39PM INF Received an ExecStart command args="[config/config-0001.yml experiment-output/0001/slave-__id__/config/config.yml]" cmd=cp outFile=/dev/null
8:39PM INF OK status=0
8:39PM INF Received command. cmdId=26
8:39PM INF Received command. cmdType=ExecWait
8:39PM INF OK status=0
8:39PM INF Received command. cmdId=29
8:39PM INF Received command. cmdType=Noop
8:39PM INF Noop. Doing nothing. status=0
8:39PM INF Received command. cmdId=32
8:39PM INF Received an ExecStart command args="[experiment-output/0001/slave-__id__/config/config.yml 127.0.0.1:9999 127.0.0.1 127.0.0.1 experiment-output/0001/slave-__id__/peer.trc experiment-output/0001/slave-__id__/prof]" cmd=orderingpeer outFile=experiment-output/0001/slave-__id__/peer.log
8:39PM INF OK status=0
8:40PM INF Received command. cmdId=38
8:40PM INF Received command. cmdType=ExecSignal
8:40PM INF OK status=0
8:40PM INF Received command. cmdId=43
8:40PM INF Received an ExecStart command args="[-p experiment-output/0002/slave-__id__/config]" cmd=mkdir outFile=/dev/null
8:40PM INF OK status=0
8:40PM INF Received command. cmdId=44
8:40PM INF Received command. cmdType=ExecWait
8:40PM INF OK status=0
8:40PM INF Received command. cmdId=45
8:40PM INF Received an ExecStart command args="[config/config-0002.yml experiment-output/0002/slave-__id__/config/config.yml]" cmd=cp outFile=/dev/null
8:40PM INF OK status=0
8:40PM INF Received command. cmdId=46
8:40PM INF Received command. cmdType=ExecWait
8:40PM INF OK status=0
8:40PM INF Received command. cmdId=49
8:40PM INF Received command. cmdType=Noop
8:40PM INF Noop. Doing nothing. status=0
8:40PM INF Received command. cmdId=52
8:40PM INF Received an ExecStart command args="[experiment-output/0002/slave-__id__/config/config.yml 127.0.0.1:9999 127.0.0.1 127.0.0.1 experiment-output/0002/slave-__id__/peer.trc experiment-output/0002/slave-__id__/prof]" cmd=orderingpeer outFile=experiment-output/0002/slave-__id__/peer.log
8:40PM INF OK status=0
8:40PM INF Received command. cmdId=58
8:40PM INF Received command. cmdType=ExecSignal
8:40PM INF OK status=0
8:40PM INF Received command. cmdId=63
8:40PM INF Received an ExecStart command args="[-p experiment-output/0003/slave-__id__/config]" cmd=mkdir outFile=/dev/null
8:40PM INF OK status=0
8:40PM INF Received command. cmdId=64
8:40PM INF Received command. cmdType=ExecWait
8:40PM INF OK status=0
8:40PM INF Received command. cmdId=65
8:40PM INF Received an ExecStart command args="[config/config-0003.yml experiment-output/0003/slave-__id__/config/config.yml]" cmd=cp outFile=/dev/null
8:40PM INF OK status=0
8:40PM INF Received command. cmdId=66
8:40PM INF Received command. cmdType=ExecWait
8:40PM INF OK status=0
8:40PM INF Received command. cmdId=69
8:40PM INF Received command. cmdType=Noop
8:40PM INF Noop. Doing nothing. status=0
8:40PM INF Received command. cmdId=72
8:40PM INF Received an ExecStart command args="[experiment-output/0003/slave-__id__/config/config.yml 127.0.0.1:9999 127.0.0.1 127.0.0.1 experiment-output/0003/slave-__id__/peer.trc experiment-output/0003/slave-__id__/prof]" cmd=orderingpeer outFile=experiment-output/0003/slave-__id__/peer.log
8:40PM INF OK status=0
8:41PM INF Received command. cmdId=78
8:41PM INF Received command. cmdType=ExecSignal
8:41PM INF OK status=0
8:41PM INF Received command. cmdId=83
8:41PM INF Received command. cmdType=Stop
