7:57PM INF Received own slave ID. ownSlaveId=1
7:57PM INF OK status=0
7:57PM INF Received command. cmdId=3
7:57PM INF Received an ExecStart command args="[-p experiment-output/0000/slave-__id__/config]" cmd=mkdir outFile=/dev/null
7:57PM INF OK status=0
7:57PM INF Received command. cmdId=4
7:57PM INF Received command. cmdType=ExecWait
7:57PM INF OK status=0
7:57PM INF Received command. cmdId=5
7:57PM INF Received an ExecStart command args="[config/config-0000.yml experiment-output/0000/slave-__id__/config/config.yml]" cmd=cp outFile=/dev/null
7:57PM INF OK status=0
7:57PM INF Received command. cmdId=6
7:57PM INF Received command. cmdType=ExecWait
7:57PM INF OK status=0
7:57PM INF Received command. cmdId=9
7:57PM INF Received command. cmdType=Noop
7:57PM INF Noop. Doing nothing. status=0
7:57PM INF Received command. cmdId=12
7:57PM INF Received an ExecStart command args="[experiment-output/0000/slave-__id__/config/config.yml 127.0.0.1:9999 127.0.0.1 127.0.0.1 experiment-output/0000/slave-__id__/peer.trc experiment-output/0000/slave-__id__/prof]" cmd=orderingpeer outFile=experiment-output/0000/slave-__id__/peer.log
7:57PM INF OK status=0
7:57PM INF Received command. cmdId=18
7:57PM INF Received command. cmdType=ExecSignal
7:57PM INF OK status=0
7:57PM INF Received command. cmdId=23
7:57PM INF Received an ExecStart command args="[-p experiment-output/0001/slave-__id__/config]" cmd=mkdir outFile=/dev/null
7:57PM INF OK status=0
7:57PM INF Received command. cmdId=24
7:57PM INF Received command. cmdType=ExecWait
7:57PM INF OK status=0
7:57PM INF Received command. cmdId=25
7:57PM INF Received an ExecStart command args="[config/config-0001.yml experiment-output/0001/slave-__id__/config/config.yml]" cmd=cp outFile=/dev/null
7:57PM INF OK status=0
7:57PM INF Received command. cmdId=26
7:57PM INF Received command. cmdType=ExecWait
7:57PM INF OK status=0
7:57PM INF Received command. cmdId=29
7:57PM INF Received command. cmdType=Noop
7:57PM INF Noop. Doing nothing. status=0
7:57PM INF Received command. cmdId=32
7:57PM INF Received an ExecStart command args="[experiment-output/0001/slave-__id__/config/config.yml 127.0.0.1:9999 127.0.0.1 127.0.0.1 experiment-output/0001/slave-__id__/peer.trc experiment-output/0001/slave-__id__/prof]" cmd=orderingpeer outFile=experiment-output/0001/slave-__id__/peer.log
7:57PM INF OK status=0
7:58PM INF Received command. cmdId=38
7:58PM INF Received command. cmdType=ExecSignal
7:58PM INF OK status=0
7:58PM INF Received command. cmdId=43
7:58PM INF Received an ExecStart command args="[-p experiment-output/0002/slave-__id__/config]" cmd=mkdir outFile=/dev/null
7:58PM INF OK status=0
7:58PM INF Received command. cmdId=44
7:58PM INF Received command. cmdType=ExecWait
7:58PM INF OK status=0
7:58PM INF Received command. cmdId=45
7:58PM INF Received an ExecStart command args="[config/config-0002.yml experiment-output/0002/slave-__id__/config/config.yml]" cmd=cp outFile=/dev/null
7:58PM INF OK status=0
7:58PM INF Received command. cmdId=46
7:58PM INF Received command. cmdType=ExecWait
7:58PM INF OK status=0
7:58PM INF Received command. cmdId=49
7:58PM INF Received command. cmdType=Noop
7:58PM INF Noop. Doing nothing. status=0
7:58PM INF Received command. cmdId=52
7:58PM INF Received an ExecStart command args="[experiment-output/0002/slave-__id__/config/config.yml 127.0.0.1:9999 127.0.0.1 127.0.0.1 experiment-output/0002/slave-__id__/peer.trc experiment-output/0002/slave-__id__/prof]" cmd=orderingpeer outFile=experiment-output/0002/slave-__id__/peer.log
7:58PM INF OK status=0
7:59PM INF Received command. cmdId=58
7:59PM INF Received command. cmdType=ExecSignal
7:59PM INF OK status=0
7:59PM INF Received command. cmdId=63
7:59PM INF Received an ExecStart command args="[-p experiment-output/0003/slave-__id__/config]" cmd=mkdir outFile=/dev/null
7:59PM INF OK status=0
7:59PM INF Received command. cmdId=64
7:59PM INF Received command. cmdType=ExecWait
7:59PM INF OK status=0
7:59PM INF Received command. cmdId=65
7:59PM INF Received an ExecStart command args="[config/config-0003.yml experiment-output/0003/slave-__id__/config/config.yml]" cmd=cp outFile=/dev/null
7:59PM INF OK status=0
7:59PM INF Received command. cmdId=66
7:59PM INF Received command. cmdType=ExecWait
7:59PM INF OK status=0
7:59PM INF Received command. cmdId=69
7:59PM INF Received command. cmdType=Noop
7:59PM INF Noop. Doing nothing. status=0
7:59PM INF Received command. cmdId=72
7:59PM INF Received an ExecStart command args="[experiment-output/0003/slave-__id__/config/config.yml 127.0.0.1:9999 127.0.0.1 127.0.0.1 experiment-output/0003/slave-__id__/peer.trc experiment-output/0003/slave-__id__/prof]" cmd=orderingpeer outFile=experiment-output/0003/slave-__id__/peer.log
7:59PM INF OK status=0
8:00PM INF Received command. cmdId=78
8:00PM INF Received command. cmdType=ExecSignal
8:00PM INF OK status=0
8:00PM INF Received command. cmdId=83
8:00PM INF Received command. cmdType=Stop
