9:15PM INF Received own slave ID. ownSlaveId=1
9:15PM INF OK status=0
9:15PM INF Received command. cmdId=3
9:15PM INF Received an ExecStart command args="[-p experiment-output/0000/slave-__id__/config]" cmd=mkdir outFile=/dev/null
9:15PM INF OK status=0
9:15PM INF Received command. cmdId=4
9:15PM INF Received command. cmdType=ExecWait
9:15PM INF OK status=0
9:15PM INF Received command. cmdId=5
9:15PM INF Received an ExecStart command args="[config/config-0000.yml experiment-output/0000/slave-__id__/config/config.yml]" cmd=cp outFile=/dev/null
9:15PM INF OK status=0
9:15PM INF Received command. cmdId=6
9:15PM INF Received command. cmdType=ExecWait
9:15PM INF OK status=0
9:15PM INF Received command. cmdId=9
9:15PM INF Received command. cmdType=Noop
9:15PM INF Noop. Doing nothing. status=0
9:15PM INF Received command. cmdId=12
9:15PM INF Received an ExecStart command args="[experiment-output/0000/slave-__id__/config/config.yml 127.0.0.1:9999 127.0.0.1 127.0.0.1 experiment-output/0000/slave-__id__/peer.trc experiment-output/0000/slave-__id__/prof]" cmd=orderingpeer outFile=experiment-output/0000/slave-__id__/peer.log
9:15PM INF OK status=0
9:16PM INF Received command. cmdId=18
9:16PM INF Received command. cmdType=ExecSignal
9:16PM INF OK status=0
9:16PM INF Received command. cmdId=23
9:16PM INF Received an ExecStart command args="[-p experiment-output/0001/slave-__id__/config]" cmd=mkdir outFile=/dev/null
9:16PM INF OK status=0
9:16PM INF Received command. cmdId=24
9:16PM INF Received command. cmdType=ExecWait
9:16PM INF OK status=0
9:16PM INF Received command. cmdId=25
9:16PM INF Received an ExecStart command args="[config/config-0001.yml experiment-output/0001/slave-__id__/config/config.yml]" cmd=cp outFile=/dev/null
9:16PM INF OK status=0
9:16PM INF Received command. cmdId=26
9:16PM INF Received command. cmdType=ExecWait
9:16PM INF OK status=0
9:16PM INF Received command. cmdId=29
9:16PM INF Received command. cmdType=Noop
9:16PM INF Noop. Doing nothing. status=0
9:16PM INF Received command. cmdId=32
9:16PM INF Received an ExecStart command args="[experiment-output/0001/slave-__id__/config/config.yml 127.0.0.1:9999 127.0.0.1 127.0.0.1 experiment-output/0001/slave-__id__/peer.trc experiment-output/0001/slave-__id__/prof]" cmd=orderingpeer outFile=experiment-output/0001/slave-__id__/peer.log
9:16PM INF OK status=0
9:17PM INF Received command. cmdId=38
9:17PM INF Received command. cmdType=ExecSignal
9:17PM INF OK status=0
9:17PM INF Received command. cmdId=43
9:17PM INF Received an ExecStart command args="[-p experiment-output/0002/slave-__id__/config]" cmd=mkdir outFile=/dev/null
9:17PM INF OK status=0
9:17PM INF Received command. cmdId=44
9:17PM INF Received command. cmdType=ExecWait
9:17PM INF OK status=0
9:17PM INF Received command. cmdId=45
9:17PM INF Received an ExecStart command args="[config/config-0002.yml experiment-output/0002/slave-__id__/config/config.yml]" cmd=cp outFile=/dev/null
9:17PM INF OK status=0
9:17PM INF Received command. cmdId=46
9:17PM INF Received command. cmdType=ExecWait
9:17PM INF OK status=0
9:17PM INF Received command. cmdId=49
9:17PM INF Received command. cmdType=Noop
9:17PM INF Noop. Doing nothing. status=0
9:17PM INF Received command. cmdId=52
9:17PM INF Received an ExecStart command args="[experiment-output/0002/slave-__id__/config/config.yml 127.0.0.1:9999 127.0.0.1 127.0.0.1 experiment-output/0002/slave-__id__/peer.trc experiment-output/0002/slave-__id__/prof]" cmd=orderingpeer outFile=experiment-output/0002/slave-__id__/peer.log
9:17PM INF OK status=0
9:17PM INF Received command. cmdId=58
9:17PM INF Received command. cmdType=ExecSignal
9:17PM INF OK status=0
9:18PM INF Received command. cmdId=63
9:18PM INF Received an ExecStart command args="[-p experiment-output/0003/slave-__id__/config]" cmd=mkdir outFile=/dev/null
9:18PM INF OK status=0
9:18PM INF Received command. cmdId=64
9:18PM INF Received command. cmdType=ExecWait
9:18PM INF OK status=0
9:18PM INF Received command. cmdId=65
9:18PM INF Received an ExecStart command args="[config/config-0003.yml experiment-output/0003/slave-__id__/config/config.yml]" cmd=cp outFile=/dev/null
9:18PM INF OK status=0
9:18PM INF Received command. cmdId=66
9:18PM INF Received command. cmdType=ExecWait
9:18PM INF OK status=0
9:18PM INF Received command. cmdId=69
9:18PM INF Received command. cmdType=Noop
9:18PM INF Noop. Doing nothing. status=0
9:18PM INF Received command. cmdId=72
9:18PM INF Received an ExecStart command args="[experiment-output/0003/slave-__id__/config/config.yml 127.0.0.1:9999 127.0.0.1 127.0.0.1 experiment-output/0003/slave-__id__/peer.trc experiment-output/0003/slave-__id__/prof]" cmd=orderingpeer outFile=experiment-output/0003/slave-__id__/peer.log
9:18PM INF OK status=0
9:18PM INF Received command. cmdId=78
9:18PM INF Received command. cmdType=ExecSignal
9:18PM INF OK status=0
9:18PM INF Received command. cmdId=83
9:18PM INF Received command. cmdType=Stop
