{"level":"debug","Logging":"debug","time":"2025-09-28T21:15:49-03:00","message":"Config"}
{"level":"debug","UseTLS":true,"time":"2025-09-28T21:15:49-03:00","message":"Config"}
{"level":"debug","CACertFile":"tls-data/ca.pem","time":"2025-09-28T21:15:49-03:00","message":"Config"}
{"level":"debug","KeyFile":"tls-data/auth.key","time":"2025-09-28T21:15:49-03:00","message":"Config"}
{"level":"debug","CertFile":"tls-data/auth.pem","time":"2025-09-28T21:15:49-03:00","message":"Config"}
{"level":"debug","PriorityConnections":2,"time":"2025-09-28T21:15:49-03:00","message":"Config"}
{"level":"debug","BasicConnections":4,"time":"2025-09-28T21:15:49-03:00","message":"Config"}
{"level":"debug","TestConnections":false,"time":"2025-09-28T21:15:49-03:00","message":"Config"}
{"level":"debug","ExcessConnections":1,"time":"2025-09-28T21:15:49-03:00","message":"Config"}
{"level":"debug","ConnectionTestMsgs":4,"time":"2025-09-28T21:15:49-03:00","message":"Config"}
{"level":"debug","ConnectionTestPayload":131072,"time":"2025-09-28T21:15:49-03:00","message":"Config"}
{"level":"debug","OutMessageBufsize":1024,"time":"2025-09-28T21:15:49-03:00","message":"Config"}
{"level":"debug","OutMessageBufsize":1,"time":"2025-09-28T21:15:49-03:00","message":"Config"}
{"level":"debug","ThroughputCap":131072000,"time":"2025-09-28T21:15:49-03:00","message":"Config"}
{"level":"debug","StragglerTolerance":1000,"time":"2025-09-28T21:15:49-03:00","message":"Config"}
{"level":"debug","BatchSizeIncrement":256,"time":"2025-09-28T21:15:49-03:00","message":"Config"}
{"level":"debug","Orderer":"MultiPaxos","time":"2025-09-28T21:15:49-03:00","message":"Config"}
{"level":"debug","Manager":"Mir","time":"2025-09-28T21:15:49-03:00","message":"Config"}
{"level":"debug","Failures":0,"time":"2025-09-28T21:15:49-03:00","message":"Config"}
{"level":"debug","CrashTiming":"EpochStart","time":"2025-09-28T21:15:49-03:00","message":"Config"}
{"level":"debug","CheckpointInterval":256,"time":"2025-09-28T21:15:49-03:00","message":"Config"}
{"level":"debug","WatermarkWindowSize":256,"time":"2025-09-28T21:15:49-03:00","message":"Config"}
{"level":"debug","EpochLength":256,"time":"2025-09-28T21:15:49-03:00","message":"Config"}
{"level":"debug","SegmentLength":256,"time":"2025-09-28T21:15:49-03:00","message":"Config"}
{"level":"debug","WaitForCheckpoints":true,"time":"2025-09-28T21:15:49-03:00","message":"Config"}
{"level":"debug","ClientWatermarkWindowSize":4194304,"time":"2025-09-28T21:15:49-03:00","message":"Config"}
{"level":"debug","ClientRequestBacklogSize":4194304,"time":"2025-09-28T21:15:49-03:00","message":"Config"}
{"level":"debug","RandomSeed":9473,"time":"2025-09-28T21:15:49-03:00","message":"Config"}
{"level":"debug","NodeToLeaderRatio":1,"time":"2025-09-28T21:15:49-03:00","message":"Config"}
{"level":"debug","LeaderPolicy":"Single","time":"2025-09-28T21:15:49-03:00","message":"Config"}
{"level":"debug","DefaultLeaderBan":2,"time":"2025-09-28T21:15:49-03:00","message":"Config"}
{"level":"debug","NumBuckets":16,"time":"2025-09-28T21:15:49-03:00","message":"Config"}
{"level":"debug","BatchSize":1000,"time":"2025-09-28T21:15:49-03:00","message":"Config"}
{"level":"debug","DisabledViewChange":false,"time":"2025-09-28T21:15:49-03:00","message":"Config"}
{"level":"debug","ViewChangeTimeout":60000,"time":"2025-09-28T21:15:49-03:00","message":"Config"}
{"level":"debug","ClientTraceSampling":10,"time":"2025-09-28T21:15:49-03:00","message":"Config"}
{"level":"debug","EventBufferSize":2097152,"time":"2025-09-28T21:15:49-03:00","message":"Config"}
{"level":"debug","TraceSampling":1,"time":"2025-09-28T21:15:49-03:00","message":"Config"}
{"level":"debug","ClientsPerProcess":1,"time":"2025-09-28T21:15:49-03:00","message":"Config"}
{"level":"debug","RequestsPerClient":15360,"time":"2025-09-28T21:15:49-03:00","message":"Config"}
{"level":"debug","ClientRunTime":30000,"time":"2025-09-28T21:15:49-03:00","message":"Config"}
{"level":"debug","RequestRate":256,"time":"2025-09-28T21:15:49-03:00","message":"Config"}
{"level":"debug","HardRequestRateLimit":false,"time":"2025-09-28T21:15:49-03:00","message":"Config"}
{"level":"debug","RequestPayloadSize":500,"time":"2025-09-28T21:15:49-03:00","message":"Config"}
{"level":"debug","SignRequests":true,"time":"2025-09-28T21:15:49-03:00","message":"Config"}
{"level":"debug","ClientPrivKeyFile":"tls-data/client-ecdsa-256.key","time":"2025-09-28T21:15:49-03:00","message":"Config"}
{"level":"debug","ClientPubKeyFile":"tls-data/client-ecdsa-256.pem","time":"2025-09-28T21:15:49-03:00","message":"Config"}
{"level":"debug","PrecomputeRequests":false,"time":"2025-09-28T21:15:49-03:00","message":"Config"}
{"level":"debug","RequestHandlerThreads":32,"time":"2025-09-28T21:15:49-03:00","message":"Config"}
{"level":"debug","RequestInputChannelBuffer":8192,"time":"2025-09-28T21:15:49-03:00","message":"Config"}
{"level":"debug","BatchVerifier":"external","time":"2025-09-28T21:15:49-03:00","message":"Config"}
21:15:49.604 INF Started Profiler: CPU
21:15:49.604 INF Started Profiler: BLOCK
21:15:49.604 INF Started Profiler: MUTEX
21:15:49.604 INF Starting clients. numClients=1 numRequests=15360
21:15:49.605 INF Initilizing clients.
21:15:49.610 INF Registared with discovery server. numOrderers=4 ownClientId=0
21:15:49.611 INF Clients initialized.
21:15:49.611 INF Launching clients.
21:15:49.611 INF Waiting for clients.
21:15:49.803 INF [CL] Client handshake OK (dummy request/response)
21:15:49.820 INF [CL] Client handshake OK (dummy request/response)
21:15:49.839 INF [CL] Client handshake OK (dummy request/response)
21:15:49.840 INF [CL] Client handshake OK (dummy request/response)
21:16:22.883 INF Stopping Tracer. events=6169 fileName=experiment-output/0003/slave-000/client-000.trc
zerolog: could not write event: write experiment-output/0003/slave-000/client-000.log: file already closed
zerolog: could not write event: write experiment-output/0003/slave-000/client-000.log: file already closed
zerolog: could not write event: write experiment-output/0003/slave-000/client-000.log: file already closed
zerolog: could not write event: write experiment-output/0003/slave-000/client-000.log: file already closed
21:16:22.922 INF Trace data written.
21:16:22.923 INF Done.
21:16:22.923 INF Stopping profiler.
21:16:23.115 INF Profile data written. filename=experiment-output/0003/slave-000/prof-client.cpu name=cpu
21:16:23.135 INF Profile data written. filename=experiment-output/0003/slave-000/prof-client.block name=block
21:16:23.145 INF Profile data written. filename=experiment-output/0003/slave-000/prof-client.mutex name=mutex
